// Jest Snapshot v1, https://goo.gl/fbAQLP

exports[`rdSelect 测试渲染是否正确 1`] = `
<div class="rd-select is-visible" tabindex="-1">
  <div class="rd-base-select" tabindex="-1">
    <div class="rd-select-label" style="display: none;"></div>
    <div class="rd-select-placeholder">请选择</div>
    <jw-icon size="18" class="rd-select-suffix" color="rgba(194, 194, 194, 1)"><svg version="1.1" xmlns="http://www.w3.org/2000/svg" xmlns:xlink="http://www.w3.org/1999/xlink" x="0px" y="0px" viewBox="0 0 512 512" enable-background="new 0 0 512 512" xml:space="preserve">
        <path d="M256,294.1L383,167c9.4-9.4,24.6-9.4,33.9,0s9.3,24.6,0,34L273,345c-9.1,9.1-23.7,9.3-33.1,0.7L95,201.1
	c-4.7-4.7-7-10.9-7-17c0-6.1,2.3-12.3,7-17c9.4-9.4,24.6-9.4,33.9,0L256,294.1z"></path>
      </svg></jw-icon>
  </div>
  <!--v-if-->
  <div class="rd-select-dropdown">
    <div class="no-options">无选项</div>
  </div>
</div>
`;
